
> react-typescript-starter@0.1.0 test
> react-scripts test --coverage

Browserslist: caniuse-lite is outdated. Please run:
  npx browserslist@latest --update-db
  Why you should do it regularly: https://github.com/browserslist/browserslist#browsers-data-updating
PASS src/nested.test.ts
PASS src/arrays.test.ts
PASS src/objects.test.ts
PASS src/components/StartAttempt.test.tsx
PASS src/components/TwoDice.test.tsx
PASS src/functions.test.ts
PASS src/components/ChangeType.test.tsx
PASS src/components/CycleHoliday.test.tsx
PASS src/components/Counter.test.tsx
PASS src/components/RevealAnswer.test.tsx
FAIL src/text.test.tsx
  ● renders the text 'Hello World' somewhere

    TestingLibraryElementError: Unable to find an element with the text: /Hello World/. This could be because the text is broken up by multiple elements. In this case, you can provide a function for your text matcher to make your matcher more flexible.

    Ignored nodes: comments, <script />, <style />
    [36m<body>[39m
      [36m<div>[39m
        [36m<div[39m
          [33mclass[39m=[32m"App"[39m
        [36m>[39m
          [36m<header[39m
            [33mclass[39m=[32m"App-header"[39m
          [36m>[39m
            [0mUD CISC275 with React Hooks and TypeScript[0m
          [36m</header>[39m
          [36m<hr />[39m
          [36m<span>[39m
            [36m<button[39m
              [33mclass[39m=[32m"btn btn-primary"[39m
              [33mtype[39m=[32m"button"[39m
            [36m>[39m
              [0mAdd One[0m
            [36m</button>[39m
            [0mto [0m
            [0m0[0m
            [0m.[0m
          [36m</span>[39m
          [36m<hr />[39m
          [36m<div>[39m
            [36m<h5>[39m
              [0mReveal Answer[0m
            [36m</h5>[39m
            [36m<br />[39m
            [36m<button[39m
              [33mclass[39m=[32m"btn btn-primary"[39m
              [33mtype[39m=[32m"button"[39m
            [36m>[39m
              [0mReveal Answer[0m
            [36m</button>[39m
          [36m</div>[39m
          [36m<hr />[39m
          [36m<div>[39m
            [36m<h5>[39m
              [0mStart Attempt[0m
            [36m</h5>[39m
            [36m<p>[39m
              [0mAttempts: [0m
              [0m4[0m
            [36m</p>[39m
            [36m<br />[39m
            [36m<button[39m
              [33mclass[39m=[32m"btn btn-primary"[39m
              [33mtype[39m=[32m"button"[39m
            [36m>[39m
              [0mStart Quiz[0m
            [36m</button>[39m
            [36m<button[39m
              [33mclass[39m=[32m"btn btn-primary"[39m
              [33mdisabled[39m=[32m""[39m
              [33mtype[39m=[32m"button"[39m
            [36m>[39m
              [0mStop Quiz[0m
            [36m</button>[39m
            [36m<button[39m
              [33mclass[39m=[32m"btn btn-primary"[39m
              [33mtype[39m=[32m"button"[39m
            [36m>[39m
              [0mMulligan[0m
            [36m</button>[39m
          [36m</div>[39m
          [36m<hr />[39m
          [36m<div>[39m
            [36m<h5>[39m
              [0mTwo Dice[0m
            [36m</h5>[39m
            [36m<span[39m
              [33mdata-testid[39m=[32m"left-die"[39m
            [36m>[39m
              [0m1[0m
            [36m</span>[39m
            [36m<button[39m
              [33mclass[39m=[32m"btn btn-primary"[39m
              [33mtype[39m=[32m"button"[39m
            [36m>[39m
              [0mRoll Left[0m
            [36m</button>[39m
            [36m<br />[39m
            [36m<span[39m
              [33mdata-testid[39m=[32m"right-die"[39m
            [36m>[39m
              [0m2[0m
            [36m</span>[39m
            [36m<button[39m
              [33mclass[39m=[32m"btn btn-primary"[39m
              [33mtype[39m=[32m"button"[39m
            [36m>[39m
              [0mRoll Right[0m
            [36m</button>[39m
            [36m<br />[39m
          [36m</div>[39m
          [36m<hr />[39m
          [36m<div>[39m
            [36m<h5>[39m
              [0mChange Type[0m
            [36m</h5>[39m
            [36m<br />[39m
            [36m<button[39m
              [33mclass[39m=[32m"btn btn-primary"[39m
              [33mtype[39m=[32m"button"[39m
            [36m>[39m
              [0mChange Type[0m
            [36m</button>[39m
            [36m<div>[39m
              [36m<span>[39m
                [0mShort Answer[0m
              [36m</span>[39m
            [36m</div>[39m
          [36m</div>[39m
          [36m<hr />[39m
          [36m<div>[39m
            [36m<h5>[39m
              [0mCycle Holiday[0m
            [36m</h5>[39m
            [36m<span>[39m
              [0mHoliday: 🎄[0m
            [36m</span>[39m
            [36m<br />[39m
            [36m<button[39m
              [33mclass[39m=[32m"btn btn-primary"[39m
              [33mtype[39m=[32m"button"[39m
            [36m>[39m
              [0mBy Alphabet[0m
            [36m</button>[39m
            [36m<button[39m
              [33mclass[39m=[32m"btn btn-primary"[39m
              [33mtype[39m=[32m"button"[39m
            [36m>[39m
              [0mBy Year[0m
            [36m</button>[39m
          [36m</div>[39m
        [36m</div>[39m
      [36m</div>[39m
    [36m</body>[39m

       5 | test("renders the text 'Hello World' somewhere", () => {
       6 |     render(<App />);
    >  7 |     const texts = screen.getAllByText(/Hello World/);
         |                          ^
       8 |     expect(texts.length).toBeGreaterThanOrEqual(1);
       9 | });
      10 |

      at Object.getElementError (node_modules/@testing-library/dom/dist/config.js:38:19)
      at node_modules/@testing-library/dom/dist/query-helpers.js:90:38
      at getAllByText (node_modules/@testing-library/dom/dist/query-helpers.js:130:15)
      at Object.<anonymous> (src/text.test.tsx:7:26)

PASS src/App.test.tsx
-------------------|---------|----------|---------|---------|-------------------
File               | % Stmts | % Branch | % Funcs | % Lines | Uncovered Line #s 
-------------------|---------|----------|---------|---------|-------------------
All files          |   99.44 |    98.57 |     100 |   99.43 |                   
 src               |   99.32 |    98.21 |     100 |   99.31 |                   
  App.tsx          |     100 |      100 |     100 |     100 |                   
  arrays.ts        |   98.14 |    96.55 |     100 |   98.03 | 64                
  functions.ts     |     100 |      100 |     100 |     100 |                   
  nested.ts        |     100 |      100 |     100 |     100 |                   
  objects.ts       |     100 |      100 |     100 |     100 |                   
 src/components    |     100 |      100 |     100 |     100 |                   
  ChangeType.tsx   |     100 |      100 |     100 |     100 |                   
  Counter.tsx      |     100 |      100 |     100 |     100 |                   
  CycleHoliday.tsx |     100 |      100 |     100 |     100 |                   
  RevealAnswer.tsx |     100 |      100 |     100 |     100 |                   
  StartAttempt.tsx |     100 |      100 |     100 |     100 |                   
  TwoDice.tsx      |     100 |      100 |     100 |     100 |                   
 src/interfaces    |       0 |        0 |       0 |       0 |                   
  answer.ts        |       0 |        0 |       0 |       0 |                   
  question.ts      |       0 |        0 |       0 |       0 |                   
-------------------|---------|----------|---------|---------|-------------------

Test Suites: 1 failed, 11 passed, 12 total
Tests:       1 failed, 93 passed, 94 total
Snapshots:   0 total
Time:        10.962 s
Ran all test suites.
